[javascriptcompressor.com/index.html]
[javascriptcompressor.com/favicon.png]
[backblue.gif]
[fade.gif]
[index.html]
[javascriptcompressor.com/themes/hawaii/style/Common.css]
[javascriptcompressor.com/themes/hawaii/style/common_print.css]
[javascriptcompressor.com/themes/hawaii/style/DynamicStyle.css]
[javascriptcompressor.com/css/javascriptcompressor.css]
[javascriptcompressor.com/scripts/my.js]
[javascriptcompressor.com/scripts/base2-load.js]
[javascriptcompressor.com/scripts/Packer.js]
[javascriptcompressor.com/scripts/Words.js]
[javascriptcompressor.com/scripts/bindings.js]
[pagead2.googlesyndication.com/pagead/f.txt]
[javascriptcompressor.com/content/HowtouseJavascriptCompressor.aspx]
[pagead2.googlesyndication.com/pagead/js/f.txt]
[javascriptcompressor.com/utility/loading.htm]
[www.google-analytics.com/urchin.js]
[javascriptcompressor.com/index.html]
[javascriptcompressor.com/favicon.html]
[javascriptcompressor.com/themes/hawaii/images/common/download.gif]
[javascriptcompressor.com/themes/hawaii/images/common/locked.gif]
[javascriptcompressor.com/themes/hawaii/images/blog.png]
[javascriptcompressor.com/themes/hawaii/images/forum.png]
[javascriptcompressor.com/themes/hawaii/images/media.png]
[javascriptcompressor.com/themes/hawaii/images/page.png]
[javascriptcompressor.com/themes/hawaii/images/common/close.gif]
[javascriptcompressor.com/themes/hawaii/images/common/resize.gif]
[javascriptcompressor.com/themes/hawaii/images/common/up.gif]
[javascriptcompressor.com/themes/hawaii/images/common/down.gif]
[javascriptcompressor.com/themes/hawaii/images/common/delete.gif]
[javascriptcompressor.com/themes/hawaii/images/common/tabset.gif]
[javascriptcompressor.com/themes/hawaii/images/openid.gif]
[javascriptcompressor.com/themes/hawaii/images/common/button-right-arrow.gif]
[javascriptcompressor.com/themes/hawaii/images/activities/new-profile-announcement.gif]
[javascriptcompressor.com/themes/hawaii/images/activities/new-profile-comment.gif]
[javascriptcompressor.com/themes/hawaii/images/activities/new-user.gif]
[javascriptcompressor.com/themes/hawaii/images/activities/new-blog.gif]
[javascriptcompressor.com/themes/hawaii/images/activities/new-blog-post.gif]
[javascriptcompressor.com/themes/hawaii/images/activities/new-blog-comment.gif]
[javascriptcompressor.com/themes/hawaii/images/activities/new-forum.gif]
[javascriptcompressor.com/themes/hawaii/images/activities/new-forum-thread.gif]
[javascriptcompressor.com/themes/hawaii/images/activities/new-forum-post.gif]
[javascriptcompressor.com/themes/hawaii/images/activities/new-media-gallery.gif]
[javascriptcompressor.com/themes/hawaii/images/activities/new-media-gallery-post.gif]
[javascriptcompressor.com/themes/hawaii/images/activities/new-media-gallery-comment.gif]
[javascriptcompressor.com/themes/hawaii/images/activities/new-group.gif]
[javascriptcompressor.com/themes/hawaii/images/activities/new-group-member.gif]
[javascriptcompressor.com/themes/hawaii/images/activities/new-friend.gif]
[javascriptcompressor.com/themes/hawaii/images/activities/new-group-page.gif]
[javascriptcompressor.com/themes/hawaii/images/activities/new-user-file.gif]
[javascriptcompressor.com/themes/hawaii/images/activities/new-folder.gif]
[javascriptcompressor.com/themes/hawaii/images/common/search-button.gif]
[javascriptcompressor.com/themes/hawaii/style/Common.css]
[javascriptcompressor.com/themes/hawaii/style/common_print.css]
[javascriptcompressor.com/themes/hawaii/style/DynamicStyle.css]
[javascriptcompressor.com/css/generic.css]
[javascriptcompressor.com/css/forum_override.css]
[javascriptcompressor.com/images/logo.gif]
[javascriptcompressor.com/css/javascriptcompressor.css]
[javascriptcompressor.com/content/HowtouseJavascriptCompressor.html]
[javascriptcompressor.com/utility/loading.html]
[javascriptcompressor.com/themes/hawaii/images/common/download.html]
[javascriptcompressor.com/themes/hawaii/images/common/locked.html]
[javascriptcompressor.com/themes/hawaii/images/blog.html]
[javascriptcompressor.com/themes/hawaii/images/forum.html]
[javascriptcompressor.com/themes/hawaii/images/media.html]
[javascriptcompressor.com/themes/hawaii/images/page.html]
[javascriptcompressor.com/themes/hawaii/images/common/close.html]
[javascriptcompressor.com/themes/hawaii/images/common/resize.html]
[javascriptcompressor.com/themes/hawaii/images/common/up.html]
[javascriptcompressor.com/themes/hawaii/images/common/down.html]
[javascriptcompressor.com/themes/hawaii/images/common/delete.html]
[javascriptcompressor.com/themes/hawaii/images/common/tabset.html]
[javascriptcompressor.com/themes/hawaii/images/openid.html]
[javascriptcompressor.com/themes/hawaii/images/common/button-right-arrow.html]
[javascriptcompressor.com/themes/hawaii/images/activities/new-profile-announcement.html]
[javascriptcompressor.com/themes/hawaii/images/activities/new-profile-comment.html]
[javascriptcompressor.com/themes/hawaii/images/activities/new-user.html]
[javascriptcompressor.com/themes/hawaii/images/activities/new-blog.html]
[javascriptcompressor.com/themes/hawaii/images/activities/new-blog-post.html]
[javascriptcompressor.com/themes/hawaii/images/activities/new-blog-comment.html]
[javascriptcompressor.com/themes/hawaii/images/activities/new-forum.html]
[javascriptcompressor.com/themes/hawaii/images/activities/new-forum-thread.html]
[javascriptcompressor.com/themes/hawaii/images/activities/new-forum-post.html]
[javascriptcompressor.com/themes/hawaii/images/activities/new-media-gallery.html]
[javascriptcompressor.com/themes/hawaii/images/activities/new-media-gallery-post.html]
[javascriptcompressor.com/themes/hawaii/images/activities/new-media-gallery-comment.html]
[javascriptcompressor.com/themes/hawaii/images/activities/new-group.html]
[javascriptcompressor.com/themes/hawaii/images/activities/new-group-member.html]
[javascriptcompressor.com/themes/hawaii/images/activities/new-friend.html]
[javascriptcompressor.com/themes/hawaii/images/activities/new-group-page.html]
[javascriptcompressor.com/themes/hawaii/images/activities/new-user-file.html]
[javascriptcompressor.com/themes/hawaii/images/activities/new-folder.html]
[javascriptcompressor.com/themes/hawaii/images/common/search-button.html]
[javascriptcompressor.com/css/generic.css]
[javascriptcompressor.com/css/forum_override.css]
